Archive member included to satisfy reference by file (symbol)

C:/Program Files/SEGGER/SEGGER Embedded Studio for ARM 4.50/lib/libc_v7a_a_le_eabi.a(libc2.o)
                              Output/Project Crypto Debug/Obj/main.o (scanf)
C:/Program Files/SEGGER/SEGGER Embedded Studio for ARM 4.50/lib/libc_v7a_a_le_eabi.a(libc2_asm.o)
                              Output/Project Crypto Debug/Obj/SEGGER_RTT.o (memcpy)
C:/Program Files/SEGGER/SEGGER Embedded Studio for ARM 4.50/lib/libc_v7a_a_le_eabi.a(libc.o)
                              C:/Program Files/SEGGER/SEGGER Embedded Studio for ARM 4.50/lib/libc_v7a_a_le_eabi.a(libc2.o) (__heap_lock)
C:/Program Files/SEGGER/SEGGER Embedded Studio for ARM 4.50/lib/libc_v7a_a_le_eabi.a(libc_asm.o)
                              C:/Program Files/SEGGER/SEGGER Embedded Studio for ARM 4.50/lib/libc_v7a_a_le_eabi.a(libc2.o) (__aeabi_uldivmod)
C:/Program Files/SEGGER/SEGGER Embedded Studio for ARM 4.50/lib/libdebugio_v7a_a_le_eabi.a(libdebugio.o)
                              Output/Project Crypto Debug/Obj/crt0.o (debug_fopen)
C:/Program Files/SEGGER/SEGGER Embedded Studio for ARM 4.50/lib/libdebugio_dcc_v7a_a_le_eabi.a(dcc_debug_operations.o)
                              C:/Program Files/SEGGER/SEGGER Embedded Studio for ARM 4.50/lib/libdebugio_v7a_a_le_eabi.a(libdebugio.o) (__do_debug_operation)
C:/Program Files/SEGGER/SEGGER Embedded Studio for ARM 4.50/lib/libdebugio_dcc_v7a_a_le_eabi.a(do_nv_debug_operation.o)
                              C:/Program Files/SEGGER/SEGGER Embedded Studio for ARM 4.50/lib/libdebugio_v7a_a_le_eabi.a(libdebugio.o) (__do_nvdebug_operation)
C:/Program Files/SEGGER/SEGGER Embedded Studio for ARM 4.50/lib/libdebugio_dcc_v7a_a_le_eabi.a(libarm_run_dcc_port_server.o)
                              C:/Program Files/SEGGER/SEGGER Embedded Studio for ARM 4.50/lib/libdebugio_dcc_v7a_a_le_eabi.a(dcc_debug_operations.o) (libarm_run_dcc_port_server)
C:/Program Files/SEGGER/SEGGER Embedded Studio for ARM 4.50/lib/libdebugio_dcc_v7a_a_le_eabi.a(libarm_dcc_write.o)
                              C:/Program Files/SEGGER/SEGGER Embedded Studio for ARM 4.50/lib/libdebugio_dcc_v7a_a_le_eabi.a(dcc_debug_operations.o) (libarm_dcc_write)
C:/Program Files/SEGGER/SEGGER Embedded Studio for ARM 4.50/lib/libdebugio_dcc_v7a_a_le_eabi.a(libarm_dcc_read.o)
                              C:/Program Files/SEGGER/SEGGER Embedded Studio for ARM 4.50/lib/libdebugio_dcc_v7a_a_le_eabi.a(libarm_run_dcc_port_server.o) (libarm_dcc_read)
C:/Program Files/SEGGER/SEGGER Embedded Studio for ARM 4.50/lib/libm_v7a_a_le_eabi.a(libm_asm.o)
                              C:/Program Files/SEGGER/SEGGER Embedded Studio for ARM 4.50/lib/libc_v7a_a_le_eabi.a(libc2.o) (__aeabi_fadd)
C:/Program Files/SEGGER/SEGGER Embedded Studio for ARM 4.50/lib/libm_v7a_a_le_eabi.a(libm2.o)
                              C:/Program Files/SEGGER/SEGGER Embedded Studio for ARM 4.50/lib/libvfprintf_v7a_a_le_eabi.o (frexp)

Discarded input sections

 .group         0x0000000000000000        0xc Output/Project Crypto Debug/Obj/SEGGER_RTT.o
 .group         0x0000000000000000        0xc Output/Project Crypto Debug/Obj/SEGGER_RTT.o
 .group         0x0000000000000000        0xc Output/Project Crypto Debug/Obj/SEGGER_RTT.o
 .group         0x0000000000000000        0xc Output/Project Crypto Debug/Obj/SEGGER_RTT.o
 .group         0x0000000000000000        0xc Output/Project Crypto Debug/Obj/SEGGER_RTT.o
 .group         0x0000000000000000        0xc Output/Project Crypto Debug/Obj/SEGGER_RTT.o
 .group         0x0000000000000000        0xc Output/Project Crypto Debug/Obj/SEGGER_RTT.o
 .group         0x0000000000000000        0xc Output/Project Crypto Debug/Obj/SEGGER_RTT.o
 .group         0x0000000000000000        0xc Output/Project Crypto Debug/Obj/SEGGER_RTT.o
 .group         0x0000000000000000        0xc Output/Project Crypto Debug/Obj/SEGGER_RTT.o
 .group         0x0000000000000000        0xc Output/Project Crypto Debug/Obj/SEGGER_RTT.o
 .group         0x0000000000000000        0xc Output/Project Crypto Debug/Obj/SEGGER_RTT.o
 .group         0x0000000000000000        0xc Output/Project Crypto Debug/Obj/SEGGER_RTT.o
 .group         0x0000000000000000        0xc Output/Project Crypto Debug/Obj/SEGGER_RTT.o
 .group         0x0000000000000000        0xc Output/Project Crypto Debug/Obj/SEGGER_RTT.o
 .text          0x0000000000000000        0x0 Output/Project Crypto Debug/Obj/SEGGER_RTT.o
 .data          0x0000000000000000        0x0 Output/Project Crypto Debug/Obj/SEGGER_RTT.o
 .bss           0x0000000000000000        0x0 Output/Project Crypto Debug/Obj/SEGGER_RTT.o
 .data._aTerminalId
                0x0000000000000000       0x10 Output/Project Crypto Debug/Obj/SEGGER_RTT.o
 .bss._ActiveTerminal
                0x0000000000000000        0x1 Output/Project Crypto Debug/Obj/SEGGER_RTT.o
 .text._PostTerminalSwitch
[...]
Memory Configuration

Name             Origin             Length             Attributes
UNPLACED_SECTIONS 0x0000000100000000 0x0000000000000000 xw
RAM1             0x0000000000000000 0x0000000000100000 xw
*default*        0x0000000000000000 0xffffffffffffffff

Linker script and memory map

                0x000000000000139c                __vfprintf = __vfprintf_int_nwp
                0x0000000000001ef4                __vfscanf = __vfscanf_int
                0x0000000000000000                __RAM1_segment_start__ = 0x0
                0x0000000000100000                __RAM1_segment_end__ = 0x100000
                0x0000000000100000                __RAM1_segment_size__ = 0x100000
                0x0000000000000400                __HEAPSIZE__ = 0x400
                0x0000000000000000                __STACKSIZE_ABT__ = 0x0
                0x0000000000000000                __STACKSIZE_FIQ__ = 0x0
                0x0000000000000000                __STACKSIZE_IRQ__ = 0x0
                0x0000000000000000                __STACKSIZE_SVC__ = 0x0
                0x0000000000000000                __STACKSIZE_UND__ = 0x0
                0x0000000000000400                __STACKSIZE__ = 0x400
                0x0000000000000000                __vectors_load_start__ = __RAM1_segment_start__

.vectors        0x0000000000000000       0x3c
                0x0000000000000000                __vectors_start__ = .
 *(.vectors .vectors.*)
 .vectors       0x0000000000000000       0x3c Output/Project Crypto Debug/Obj/ARM_Startup.o
                0x0000000000000000                _vectors
                0x000000000000003c                __vectors_end__ = (__vectors_start__ + SIZEOF (.vectors))
                0x000000000000003c                __vectors_size__ = SIZEOF (.vectors)
                0x000000000000003c                __vectors_load_end__ = __vectors_end__
                0x0000000000000001                . = ASSERT (((__vectors_start__ == __vectors_end__) || ((__vectors_end__ - __RAM1_segment_start__) <= __RAM1_segment_size__)), error: .vectors is too large to fit in RAM1 memory segment)
                0x000000000000003c                __fast_load_start__ = ALIGN (__vectors_end__, 0x4)

.fast           0x000000000000003c        0x0
                0x000000000000003c                __fast_start__ = .
 *(.fast .fast.*)
                0x000000000000003c                __fast_end__ = (__fast_start__ + SIZEOF (.fast))
                0x0000000000000000                __fast_size__ = SIZEOF (.fast)
                0x000000000000003c                __fast_load_end__ = __fast_end__
                0x0000000000000001                . = ASSERT (((__fast_start__ == __fast_end__) || ((__fast_end__ - __RAM1_segment_start__) <= __RAM1_segment_size__)), error: .fast is too large to fit in RAM1 memory segment)
                0x000000000000003c                __init_load_start__ = ALIGN (__fast_end__, 0x4)

.init           0x000000000000003c      0x250
                0x000000000000003c                __init_start__ = .
 *(.init .init.*)
 .init          0x000000000000003c      0x234 Output/Project Crypto Debug/Obj/crt0.o
                0x000000000000003c                _start
                0x000000000000003c                __start
                0x000000000000018c                exit
 .init          0x0000000000000270       0x1c Output/Project Crypto Debug/Obj/ARM_Startup.o
                0x0000000000000270                reset_handler
                0x0000000000000274                undef_handler
                0x0000000000000278                swi_handler
                0x000000000000027c                pabort_handler
                0x0000000000000280                dabort_handler
                0x0000000000000284                irq_handler
                0x0000000000000288                fiq_handler
                0x000000000000028c                __init_end__ = (__init_start__ + SIZEOF (.init))
                0x0000000000000250                __init_size__ = SIZEOF (.init)
                0x000000000000028c                __init_load_end__ = __init_end__
                0x0000000000000001                . = ASSERT (((__init_start__ == __init_end__) || ((__init_end__ - __RAM1_segment_start__) <= __RAM1_segment_size__)), error: .init is too large to fit in RAM1 memory segment)
                0x000000000000028c                __init_rodata_load_start__ = ALIGN (__init_end__, 0x4)

.init_rodata    0x000000000000028c        0x0
                0x000000000000028c                __init_rodata_start__ = .
 *(.init_rodata .init_rodata.*)
                0x000000000000028c                __init_rodata_end__ = (__init_rodata_start__ + SIZEOF (.init_rodata))
                0x0000000000000000                __init_rodata_size__ = SIZEOF (.init_rodata)
                0x000000000000028c                __init_rodata_load_end__ = __init_rodata_end__
                0x0000000000000001                . = ASSERT (((__init_rodata_start__ == __init_rodata_end__) || ((__init_rodata_end__ - __RAM1_segment_start__) <= __RAM1_segment_size__)), error: .init_rodata is too large to fit in RAM1 memory segment)
                0x000000000000028c                __text_load_start__ = ALIGN (__init_rodata_end__, 0x4)

.text           0x000000000000028c     0x21e0
                0x000000000000028c                __text_start__ = .
 *(.text .text.* .glue_7t .glue_7 .gnu.linkonce.t.* .gcc_except_table .ARM.extab* .gnu.linkonce.armextab.*)
 .glue_7        0x000000000000028c        0x0 linker stubs
 .glue_7t       0x000000000000028c        0x0 linker stubs
 .text._DoInit  0x000000000000028c      0x110 Output/Project Crypto Debug/Obj/SEGGER_RTT.o
 .text._WriteBlocking
                0x000000000000039c      0x15c Output/Project Crypto Debug/Obj/SEGGER_RTT.o
 .text._WriteNoCheck
                0x00000000000004f8       0xec Output/Project Crypto Debug/Obj/SEGGER_RTT.o
 .text._GetAvailWriteSpace
                0x00000000000005e4       0x78 Output/Project Crypto Debug/Obj/SEGGER_RTT.o
 .text.SEGGER_RTT_ReadNoLock
                0x000000000000065c      0x1e8 Output/Project Crypto Debug/Obj/SEGGER_RTT.o
                0x000000000000065c                SEGGER_RTT_ReadNoLock
 .text.SEGGER_RTT_Read
                0x0000000000000844       0x68 Output/Project Crypto Debug/Obj/SEGGER_RTT.o
                0x0000000000000844                SEGGER_RTT_Read
 .text.SEGGER_RTT_WriteNoLock
                0x00000000000008ac      0x118 Output/Project Crypto Debug/Obj/SEGGER_RTT.o
                0x00000000000008ac                SEGGER_RTT_WriteNoLock
 .text.SEGGER_RTT_Write
                0x00000000000009c4       0x80 Output/Project Crypto Debug/Obj/SEGGER_RTT.o
                0x00000000000009c4                SEGGER_RTT_Write
 .text.SEGGER_RTT_GetKey
                0x0000000000000a44       0x54 Output/Project Crypto Debug/Obj/SEGGER_RTT.o
                0x0000000000000a44                SEGGER_RTT_GetKey
 .text.SEGGER_RTT_WaitKey
                0x0000000000000a98       0x2c Output/Project Crypto Debug/Obj/SEGGER_RTT.o
                0x0000000000000a98                SEGGER_RTT_WaitKey
 .text.printf   0x0000000000000ac4       0x88 Output/Project Crypto Debug/Obj/SEGGER_RTT_Syscalls_SES.o
                0x0000000000000ac4                printf
 .text.__getchar
                0x0000000000000b4c       0x14 Output/Project Crypto Debug/Obj/SEGGER_RTT_Syscalls_SES.o
                0x0000000000000b4c                __getchar
 .text.main     0x0000000000000b60      0x11c Output/Project Crypto Debug/Obj/main.o
                0x0000000000000b60                main
 .text          0x0000000000000c7c      0x278 Output/Project Crypto Debug/Obj/assemblyFunctions.o
                0x0000000000000c7c                convertUpper
                0x0000000000000cd0                getLength
                0x0000000000000d0c                repeatKey
                0x0000000000000db8                vigenereEncrypt
                0x0000000000000e50                vigenereDecrypt
 .text.libc.__stdin_ungetc
                0x0000000000000ef4       0x10 C:/Program Files/SEGGER/SEGGER Embedded Studio for ARM 4.50/lib/libc_v7a_a_le_eabi.a(libc2.o)
                0x0000000000000ef4                __stdin_ungetc
 .text.libc.__RAL_ascii_isctype
                0x0000000000000f04       0x28 C:/Program Files/SEGGER/SEGGER Embedded Studio for ARM 4.50/lib/libc_v7a_a_le_eabi.a(libc2.o)
 .text.libc.__RAL_ascii_toupper
                0x0000000000000f2c       0x10 C:/Program Files/SEGGER/SEGGER Embedded Studio for ARM 4.50/lib/libc_v7a_a_le_eabi.a(libc2.o)
 .text.libc.__RAL_ascii_tolower
                0x0000000000000f3c       0x10 C:/Program Files/SEGGER/SEGGER Embedded Studio for ARM 4.50/lib/libc_v7a_a_le_eabi.a(libc2.o)
 .text.libc.__RAL_ascii_iswctype
                0x0000000000000f4c       0x28 C:/Program Files/SEGGER/SEGGER Embedded Studio for ARM 4.50/lib/libc_v7a_a_le_eabi.a(libc2.o)
 .text.libc.__RAL_ascii_towupper
                0x0000000000000f74       0x10 C:/Program Files/SEGGER/SEGGER Embedded Studio for ARM 4.50/lib/libc_v7a_a_le_eabi.a(libc2.o)
 .text.libc.__RAL_ascii_towlower
                0x0000000000000f84       0x10 C:/Program Files/SEGGER/SEGGER Embedded Studio for ARM 4.50/lib/libc_v7a_a_le_eabi.a(libc2.o)
 .text.libc.__RAL_ascii_wctomb
                0x0000000000000f94       0x14 C:/Program Files/SEGGER/SEGGER Embedded Studio for ARM 4.50/lib/libc_v7a_a_le_eabi.a(libc2.o)
                0x0000000000000f94                __RAL_ascii_wctomb
 .text.libc.getchar
                0x0000000000000fa8       0x34 C:/Program Files/SEGGER/SEGGER Embedded Studio for ARM 4.50/lib/libc_v7a_a_le_eabi.a(libc2.o)
                0x0000000000000fa8                getchar
 .text.libc.__RAL_ascii_mbtowc
                0x0000000000000fdc       0x44 C:/Program Files/SEGGER/SEGGER Embedded Studio for ARM 4.50/lib/libc_v7a_a_le_eabi.a(libc2.o)
                0x0000000000000fdc                __RAL_ascii_mbtowc
 .text.libc.__getc
                0x0000000000001020       0x44 C:/Program Files/SEGGER/SEGGER Embedded Studio for ARM 4.50/lib/libc_v7a_a_le_eabi.a(libc2.o)
                0x0000000000001020                __getc
 .text.libc.__putc
                0x0000000000001064       0x6c C:/Program Files/SEGGER/SEGGER Embedded Studio for ARM 4.50/lib/libc_v7a_a_le_eabi.a(libc2.o)
                0x0000000000001064                __putc
 .text.libc.__RAL_isctype
                0x00000000000010d0       0x20 C:/Program Files/SEGGER/SEGGER Embedded Studio for ARM 4.50/lib/libc_v7a_a_le_eabi.a(libc2.o)
                0x00000000000010d0                __RAL_isctype
 .text.libc.isupper
                0x00000000000010f0       0x10 C:/Program Files/SEGGER/SEGGER Embedded Studio for ARM 4.50/lib/libc_v7a_a_le_eabi.a(libc2.o)
                0x00000000000010f0                isupper
 .text.libc.islower
                0x0000000000001100       0x10 C:/Program Files/SEGGER/SEGGER Embedded Studio for ARM 4.50/lib/libc_v7a_a_le_eabi.a(libc2.o)
                0x0000000000001100                islower
 .text.libc.isdigit
                0x0000000000001110       0x10 C:/Program Files/SEGGER/SEGGER Embedded Studio for ARM 4.50/lib/libc_v7a_a_le_eabi.a(libc2.o)
                0x0000000000001110                isdigit
 .text.libc.__digit
                0x0000000000001120       0x54 C:/Program Files/SEGGER/SEGGER Embedded Studio for ARM 4.50/lib/libc_v7a_a_le_eabi.a(libc2.o)
                0x0000000000001120                __digit
 .text.libc.isspace
                0x0000000000001174       0x10 C:/Program Files/SEGGER/SEGGER Embedded Studio for ARM 4.50/lib/libc_v7a_a_le_eabi.a(libc2.o)
                0x0000000000001174                isspace
 .text.libc.scanf
                0x0000000000001184       0x64 C:/Program Files/SEGGER/SEGGER Embedded Studio for ARM 4.50/lib/libc_v7a_a_le_eabi.a(libc2.o)
                0x0000000000001184                scanf
 .text.libc.vsnprintf
                0x00000000000011e8       0x34 C:/Program Files/SEGGER/SEGGER Embedded Studio for ARM 4.50/lib/libc_v7a_a_le_eabi.a(libc2.o)
                0x00000000000011e8                vsnprintf
 .text.libc.memcpy
                0x000000000000121c       0x74 C:/Program Files/SEGGER/SEGGER Embedded Studio for ARM 4.50/lib/libc_v7a_a_le_eabi.a(libc2_asm.o)
                0x000000000000121c                __aeabi_memcpy
                0x000000000000121c                memcpy
                0x000000000000122c                __aeabi_memcpy8
                0x000000000000122c                __aeabi_memcpy4
 .text.libc.memset
                0x0000000000001290       0xa4 C:/Program Files/SEGGER/SEGGER Embedded Studio for ARM 4.50/lib/libc_v7a_a_le_eabi.a(libc2_asm.o)
                0x0000000000001290                memset
 .text.libc.strcpy
                0x0000000000001334       0x60 C:/Program Files/SEGGER/SEGGER Embedded Studio for ARM 4.50/lib/libc_v7a_a_le_eabi.a(libc2_asm.o)
                0x0000000000001334                strcpy
 .text.libc.__scanf_lock
                0x0000000000001394        0x4 C:/Program Files/SEGGER/SEGGER Embedded Studio for ARM 4.50/lib/libc_v7a_a_le_eabi.a(libc.o)
                0x0000000000001394                __scanf_lock
 .text.libc.__scanf_unlock
                0x0000000000001398        0x4 C:/Program Files/SEGGER/SEGGER Embedded Studio for ARM 4.50/lib/libc_v7a_a_le_eabi.a(libc.o)
                0x0000000000001398                __scanf_unlock
 .text.libc.__vfprintf_int_nwp
                0x000000000000139c      0x738 C:/Program Files/SEGGER/SEGGER Embedded Studio for ARM 4.50/lib/libvfprintf_v7a_a_le_eabi.o
                0x000000000000139c                __vfprintf_int_nwp
 .text.libc.__ungetc
                0x0000000000001ad4       0x38 C:/Program Files/SEGGER/SEGGER Embedded Studio for ARM 4.50/lib/libvfscanf_v7a_a_le_eabi.o
 .text.libc.rd_string
                0x0000000000001b0c      0x10c C:/Program Files/SEGGER/SEGGER Embedded Studio for ARM 4.50/lib/libvfscanf_v7a_a_le_eabi.o
 .text.libc.rd_string_map
                0x0000000000001c18       0xe4 C:/Program Files/SEGGER/SEGGER Embedded Studio for ARM 4.50/lib/libvfscanf_v7a_a_le_eabi.o
 .text.libc.rd_int
                0x0000000000001cfc      0x1f8 C:/Program Files/SEGGER/SEGGER Embedded Studio for ARM 4.50/lib/libvfscanf_v7a_a_le_eabi.o
 .text.libc.__vfscanf_int
                0x0000000000001ef4      0x578 C:/Program Files/SEGGER/SEGGER Embedded Studio for ARM 4.50/lib/libvfscanf_v7a_a_le_eabi.o
                0x0000000000001ef4                __vfscanf_int
                0x000000000000246c                __text_end__ = (__text_start__ + SIZEOF (.text))
                0x00000000000021e0                __text_size__ = SIZEOF (.text)
                0x000000000000246c                __text_load_end__ = __text_end__

.vfp11_veneer   0x0000000100000000        0x0
 .vfp11_veneer  0x0000000100000000        0x0 linker stubs

.v4_bx          0x0000000100000000        0x0
 .v4_bx         0x0000000100000000        0x0 linker stubs

.iplt           0x0000000100000000        0x0
 .iplt          0x0000000100000000        0x0 Output/Project Crypto Debug/Obj/SEGGER_RTT.o
                0x0000000000000001                . = ASSERT (((__text_start__ == __text_end__) || ((__text_end__ - __RAM1_segment_start__) <= __RAM1_segment_size__)), error: .text is too large to fit in RAM1 memory segment)
                0x000000000000246c                __dtors_load_start__ = ALIGN (__text_end__, 0x4)

.dtors          0x000000000000246c        0x0
                0x000000000000246c                __dtors_start__ = .
 *(SORT_BY_NAME(.dtors.*))
 *(.dtors)
 *(.fini_array)
 *(SORT_BY_NAME(.fini_array.*))
                0x000000000000246c                __dtors_end__ = (__dtors_start__ + SIZEOF (.dtors))
                0x0000000000000000                __dtors_size__ = SIZEOF (.dtors)
                0x000000000000246c                __dtors_load_end__ = __dtors_end__
                0x0000000000000001                . = ASSERT (((__dtors_start__ == __dtors_end__) || ((__dtors_end__ - __RAM1_segment_start__) <= __RAM1_segment_size__)), error: .dtors is too large to fit in RAM1 memory segment)
                0x000000000000246c                __ctors_load_start__ = ALIGN (__dtors_end__, 0x4)

.ctors          0x000000000000246c        0x0
                0x000000000000246c                __ctors_start__ = .
 *(SORT_BY_NAME(.ctors.*))
 *(.ctors)
 *(.init_array)
 *(SORT_BY_NAME(.init_array.*))
                0x000000000000246c                __ctors_end__ = (__ctors_start__ + SIZEOF (.ctors))
                0x0000000000000000                __ctors_size__ = SIZEOF (.ctors)
                0x000000000000246c                __ctors_load_end__ = __ctors_end__
                0x0000000000000001                . = ASSERT (((__ctors_start__ == __ctors_end__) || ((__ctors_end__ - __RAM1_segment_start__) <= __RAM1_segment_size__)), error: .ctors is too large to fit in RAM1 memory segment)
                0x000000000000246c                __data_load_start__ = ALIGN (__ctors_end__, 0x4)

.data           0x000000000000246c       0x18
                0x000000000000246c                __data_start__ = .
 *(.data .data.* .gnu.linkonce.d.*)
 .data.libc.__RAL_global_locale
                0x000000000000246c       0x14 C:/Program Files/SEGGER/SEGGER Embedded Studio for ARM 4.50/lib/libc_v7a_a_le_eabi.a(libc2.o)
                0x000000000000246c                __RAL_global_locale
 .data.libc.__ungot
                0x0000000000002480        0x4 C:/Program Files/SEGGER/SEGGER Embedded Studio for ARM 4.50/lib/libc_v7a_a_le_eabi.a(libc2.o)
                0x0000000000002480                __ungot
                0x0000000000002484                __data_end__ = (__data_start__ + SIZEOF (.data))
                0x0000000000000018                __data_size__ = SIZEOF (.data)
                0x0000000000002484                __data_load_end__ = __data_end__

.igot.plt       0x0000000100000000        0x0
 .igot.plt      0x0000000100000000        0x0 Output/Project Crypto Debug/Obj/SEGGER_RTT.o
                0x0000000000000001                . = ASSERT (((__data_start__ == __data_end__) || ((__data_end__ - __RAM1_segment_start__) <= __RAM1_segment_size__)), error: .data is too large to fit in RAM1 memory segment)
                0x0000000000002484                __rodata_load_start__ = ALIGN (__data_end__, 0x4)

.rodata         0x0000000000002484      0x374
                0x0000000000002484                __rodata_start__ = .
 *(.rodata .rodata.* .gnu.linkonce.r.*)
 .rodata        0x0000000000002484       0x17 Output/Project Crypto Debug/Obj/SEGGER_RTT.o
 *fill*         0x000000000000249b        0x1 
 .rodata        0x000000000000249c       0xfa Output/Project Crypto Debug/Obj/main.o
 *fill*         0x0000000000002596        0x2 
 .rodata.libc.__RAL_find_locale.str1.4
                0x0000000000002598        0xa C:/Program Files/SEGGER/SEGGER Embedded Studio for ARM 4.50/lib/libc_v7a_a_le_eabi.a(libc2.o)
 *fill*         0x00000000000025a2        0x2 
 .rodata.libc.__RAL_ascii_ctype_map
                0x00000000000025a4       0x80 C:/Program Files/SEGGER/SEGGER Embedded Studio for ARM 4.50/lib/libc_v7a_a_le_eabi.a(libc2.o)
                0x00000000000025a4                __RAL_ascii_ctype_map
 .rodata.libc.__RAL_ascii_ctype_mask
                0x0000000000002624        0xd C:/Program Files/SEGGER/SEGGER Embedded Studio for ARM 4.50/lib/libc_v7a_a_le_eabi.a(libc2.o)
 *fill*         0x0000000000002631        0x3 
 .rodata.libc.__RAL_c_locale
                0x0000000000002634        0xc C:/Program Files/SEGGER/SEGGER Embedded Studio for ARM 4.50/lib/libc_v7a_a_le_eabi.a(libc2.o)
                0x0000000000002634                __RAL_c_locale
 .rodata.libc.__RAL_c_locale_abbrev_day_names
                0x0000000000002640       0x1d C:/Program Files/SEGGER/SEGGER Embedded Studio for ARM 4.50/lib/libc_v7a_a_le_eabi.a(libc2.o)
                0x0000000000002640                __RAL_c_locale_abbrev_day_names
 *fill*         0x000000000000265d        0x3 
 .rodata.libc.__RAL_c_locale_abbrev_month_names
                0x0000000000002660       0x31 C:/Program Files/SEGGER/SEGGER Embedded Studio for ARM 4.50/lib/libc_v7a_a_le_eabi.a(libc2.o)
                0x0000000000002660                __RAL_c_locale_abbrev_month_names
 *fill*         0x0000000000002691        0x3 
 .rodata.libc.__RAL_c_locale_am_pm_indicator
                0x0000000000002694        0x7 C:/Program Files/SEGGER/SEGGER Embedded Studio for ARM 4.50/lib/libc_v7a_a_le_eabi.a(libc2.o)
                0x0000000000002694                __RAL_c_locale_am_pm_indicator
 *fill*         0x000000000000269b        0x1 
 .rodata.libc.__RAL_c_locale_data
                0x000000000000269c       0x58 C:/Program Files/SEGGER/SEGGER Embedded Studio for ARM 4.50/lib/libc_v7a_a_le_eabi.a(libc2.o)
                0x000000000000269c                __RAL_c_locale_data
 .rodata.libc.__RAL_c_locale_date_format
                0x00000000000026f4        0x9 C:/Program Files/SEGGER/SEGGER Embedded Studio for ARM 4.50/lib/libc_v7a_a_le_eabi.a(libc2.o)
                0x00000000000026f4                __RAL_c_locale_date_format
 *fill*         0x00000000000026fd        0x3 
 .rodata.libc.__RAL_c_locale_date_time_format
                0x0000000000002700        0xf C:/Program Files/SEGGER/SEGGER Embedded Studio for ARM 4.50/lib/libc_v7a_a_le_eabi.a(libc2.o)
                0x0000000000002700                __RAL_c_locale_date_time_format
 *fill*         0x000000000000270f        0x1 
 .rodata.libc.__RAL_c_locale_day_names
                0x0000000000002710       0x3a C:/Program Files/SEGGER/SEGGER Embedded Studio for ARM 4.50/lib/libc_v7a_a_le_eabi.a(libc2.o)
                0x0000000000002710                __RAL_c_locale_day_names
 *fill*         0x000000000000274a        0x2 
 .rodata.libc.__RAL_c_locale_month_names
                0x000000000000274c       0x57 C:/Program Files/SEGGER/SEGGER Embedded Studio for ARM 4.50/lib/libc_v7a_a_le_eabi.a(libc2.o)
                0x000000000000274c                __RAL_c_locale_month_names
 *fill*         0x00000000000027a3        0x1 
 .rodata.libc.__RAL_c_locale_time_format
                0x00000000000027a4        0x9 C:/Program Files/SEGGER/SEGGER Embedded Studio for ARM 4.50/lib/libc_v7a_a_le_eabi.a(libc2.o)
                0x00000000000027a4                __RAL_c_locale_time_format
 *fill*         0x00000000000027ad        0x3 
 .rodata.libc.__RAL_codeset_ascii
                0x00000000000027b0       0x20 C:/Program Files/SEGGER/SEGGER Embedded Studio for ARM 4.50/lib/libc_v7a_a_le_eabi.a(libc2.o)
                0x00000000000027b0                __RAL_codeset_ascii
 .rodata.libc.__RAL_data_empty_string
                0x00000000000027d0        0x1 C:/Program Files/SEGGER/SEGGER Embedded Studio for ARM 4.50/lib/libc_v7a_a_le_eabi.a(libc2.o)
                0x00000000000027d0                __RAL_data_empty_string
 *fill*         0x00000000000027d1        0x3 
 .rodata.libc.__RAL_data_utf8_period
                0x00000000000027d4        0x2 C:/Program Files/SEGGER/SEGGER Embedded Studio for ARM 4.50/lib/libc_v7a_a_le_eabi.a(libc2.o)
                0x00000000000027d4                __RAL_data_utf8_period
 *fill*         0x00000000000027d6        0x2 
 .rodata.libc.__RAL_hex_lc
                0x00000000000027d8       0x10 C:/Program Files/SEGGER/SEGGER Embedded Studio for ARM 4.50/lib/libc_v7a_a_le_eabi.a(libc2.o)
                0x00000000000027d8                __RAL_hex_lc
 .rodata.libc.__RAL_hex_uc
                0x00000000000027e8       0x10 C:/Program Files/SEGGER/SEGGER Embedded Studio for ARM 4.50/lib/libc_v7a_a_le_eabi.a(libc2.o)
                0x00000000000027e8                __RAL_hex_uc
                0x00000000000027f8                __rodata_end__ = (__rodata_start__ + SIZEOF (.rodata))
                0x0000000000000374                __rodata_size__ = SIZEOF (.rodata)
                0x00000000000027f8                __rodata_load_end__ = __rodata_end__

.rel.dyn        0x00000000000027f8        0x0
 .rel.iplt      0x00000000000027f8        0x0 Output/Project Crypto Debug/Obj/SEGGER_RTT.o
                0x0000000000000001                . = ASSERT (((__rodata_start__ == __rodata_end__) || ((__rodata_end__ - __RAM1_segment_start__) <= __RAM1_segment_size__)), error: .rodata is too large to fit in RAM1 memory segment)
                0x00000000000027f8                __ARM.exidx_load_start__ = ALIGN (__rodata_end__, 0x4)

.ARM.exidx      0x00000000000027f8        0x0
                0x00000000000027f8                __ARM.exidx_start__ = .
                0x00000000000027f8                __exidx_start = __ARM.exidx_start__
 *(.ARM.exidx .ARM.exidx.*)
                0x00000000000027f8                __ARM.exidx_end__ = (__ARM.exidx_start__ + SIZEOF (.ARM.exidx))
                0x0000000000000000                __ARM.exidx_size__ = SIZEOF (.ARM.exidx)
                0x00000000000027f8                __exidx_end = __ARM.exidx_end__
                0x00000000000027f8                __ARM.exidx_load_end__ = __ARM.exidx_end__
                0x0000000000000001                . = ASSERT (((__ARM.exidx_start__ == __ARM.exidx_end__) || ((__ARM.exidx_end__ - __RAM1_segment_start__) <= __RAM1_segment_size__)), error: .ARM.exidx is too large to fit in RAM1 memory segment)
                0x00000000000027f8                __bss_load_start__ = ALIGN (__ARM.exidx_end__, 0x4)

.bss            0x00000000000027f8      0x48c
                0x00000000000027f8                __bss_start__ = .
 *(.bss .bss.* .gnu.linkonce.b.*)
 .bss._SEGGER_RTT
                0x00000000000027f8       0x78 Output/Project Crypto Debug/Obj/SEGGER_RTT.o
                0x00000000000027f8                _SEGGER_RTT
 .bss._acUpBuffer
                0x0000000000002870      0x400 Output/Project Crypto Debug/Obj/SEGGER_RTT.o
 .bss._acDownBuffer
                0x0000000000002c70       0x10 Output/Project Crypto Debug/Obj/SEGGER_RTT.o
 .bss.libc.__user_format_extender
                0x0000000000002c80        0x4 C:/Program Files/SEGGER/SEGGER Embedded Studio for ARM 4.50/lib/libc_v7a_a_le_eabi.a(libc2.o)
                0x0000000000002c80                __user_format_extender
 *(COMMON)
                0x0000000000002c84                __bss_end__ = (__bss_start__ + SIZEOF (.bss))
                0x000000000000048c                __bss_size__ = SIZEOF (.bss)
                0x0000000000002c84                __bss_load_end__ = __bss_end__
                0x0000000000000001                . = ASSERT (((__bss_start__ == __bss_end__) || ((__bss_end__ - __RAM1_segment_start__) <= __RAM1_segment_size__)), error: .bss is too large to fit in RAM1 memory segment)
                0x0000000000002c84                __non_init_load_start__ = ALIGN (__bss_end__, 0x4)

.non_init       0x0000000000002c84        0x0
                0x0000000000002c84                __non_init_start__ = .
 *(.non_init .non_init.*)
                0x0000000000002c84                __non_init_end__ = (__non_init_start__ + SIZEOF (.non_init))
                0x0000000000000000                __non_init_size__ = SIZEOF (.non_init)
                0x0000000000002c84                __non_init_load_end__ = __non_init_end__
                0x0000000000000001                . = ASSERT (((__non_init_start__ == __non_init_end__) || ((__non_init_end__ - __RAM1_segment_start__) <= __RAM1_segment_size__)), error: .non_init is too large to fit in RAM1 memory segment)
                0x0000000000002c84                __heap_load_start__ = ALIGN (__non_init_end__, 0x4)

.heap           0x0000000000002c84      0x400
                0x0000000000002c84                __heap_start__ = .
 *(.heap .heap.*)
                0x0000000000003084                . = ALIGN (MAX ((__heap_start__ + __HEAPSIZE__), .), 0x4)
 *fill*         0x0000000000002c84      0x400 
                0x0000000000003084                __heap_end__ = (__heap_start__ + SIZEOF (.heap))
                0x0000000000000400                __heap_size__ = SIZEOF (.heap)
                0x0000000000003084                __heap_load_end__ = __heap_end__
                0x0000000000000001                . = ASSERT (((__heap_start__ == __heap_end__) || ((__heap_end__ - __RAM1_segment_start__) <= __RAM1_segment_size__)), error: .heap is too large to fit in RAM1 memory segment)
                0x0000000000003088                __stack_load_start__ = ALIGN (__heap_end__, 0x8)

.stack          0x0000000000003088      0x400
                0x0000000000003088                __stack_start__ = .
 *(.stack .stack.*)
                0x0000000000003488                . = ALIGN (MAX ((__stack_start__ + __STACKSIZE__), .), 0x8)
 *fill*         0x0000000000003088      0x400 
                0x0000000000003488                __stack_end__ = (__stack_start__ + SIZEOF (.stack))
                0x0000000000000400                __stack_size__ = SIZEOF (.stack)
                0x0000000000003488                __stack_load_end__ = __stack_end__
                0x0000000000000001                . = ASSERT (((__stack_start__ == __stack_end__) || ((__stack_end__ - __RAM1_segment_start__) <= __RAM1_segment_size__)), error: .stack is too large to fit in RAM1 memory segment)
                0x0000000000003488                __stack_irq_load_start__ = ALIGN (__stack_end__, 0x8)

.stack_irq      0x0000000000003488        0x0
                0x0000000000003488                __stack_irq_start__ = .
 *(.stack_irq .stack_irq.*)
                0x0000000000003488                . = ALIGN (MAX ((__stack_irq_start__ + __STACKSIZE_IRQ__), .), 0x8)
                0x0000000000003488                __stack_irq_end__ = (__stack_irq_start__ + SIZEOF (.stack_irq))
                0x0000000000000000                __stack_irq_size__ = SIZEOF (.stack_irq)
                0x0000000000003488                __stack_irq_load_end__ = __stack_irq_end__
                0x0000000000000001                . = ASSERT (((__stack_irq_start__ == __stack_irq_end__) || ((__stack_irq_end__ - __RAM1_segment_start__) <= __RAM1_segment_size__)), error: .stack_irq is too large to fit in RAM1 memory segment)
                0x0000000000003488                __stack_fiq_load_start__ = ALIGN (__stack_irq_end__, 0x8)

.stack_fiq      0x0000000000003488        0x0
                0x0000000000003488                __stack_fiq_start__ = .
 *(.stack_fiq .stack_fiq.*)
                0x0000000000003488                . = ALIGN (MAX ((__stack_fiq_start__ + __STACKSIZE_FIQ__), .), 0x8)
                0x0000000000003488                __stack_fiq_end__ = (__stack_fiq_start__ + SIZEOF (.stack_fiq))
                0x0000000000000000                __stack_fiq_size__ = SIZEOF (.stack_fiq)
                0x0000000000003488                __stack_fiq_load_end__ = __stack_fiq_end__
                0x0000000000000001                . = ASSERT (((__stack_fiq_start__ == __stack_fiq_end__) || ((__stack_fiq_end__ - __RAM1_segment_start__) <= __RAM1_segment_size__)), error: .stack_fiq is too large to fit in RAM1 memory segment)
                0x0000000000003488                __stack_svc_load_start__ = ALIGN (__stack_fiq_end__, 0x8)

.stack_svc      0x0000000000003488        0x0
                0x0000000000003488                __stack_svc_start__ = .
 *(.stack_svc .stack_svc.*)
                0x0000000000003488                . = ALIGN (MAX ((__stack_svc_start__ + __STACKSIZE_SVC__), .), 0x8)
                0x0000000000003488                __stack_svc_end__ = (__stack_svc_start__ + SIZEOF (.stack_svc))
                0x0000000000000000                __stack_svc_size__ = SIZEOF (.stack_svc)
                0x0000000000003488                __stack_svc_load_end__ = __stack_svc_end__
                0x0000000000000001                . = ASSERT (((__stack_svc_start__ == __stack_svc_end__) || ((__stack_svc_end__ - __RAM1_segment_start__) <= __RAM1_segment_size__)), error: .stack_svc is too large to fit in RAM1 memory segment)
                0x0000000000003488                __stack_abt_load_start__ = ALIGN (__stack_svc_end__, 0x8)

.stack_abt      0x0000000000003488        0x0
                0x0000000000003488                __stack_abt_start__ = .
 *(.stack_abt .stack_abt.*)
                0x0000000000003488                . = ALIGN (MAX ((__stack_abt_start__ + __STACKSIZE_ABT__), .), 0x8)
                0x0000000000003488                __stack_abt_end__ = (__stack_abt_start__ + SIZEOF (.stack_abt))
                0x0000000000000000                __stack_abt_size__ = SIZEOF (.stack_abt)
                0x0000000000003488                __stack_abt_load_end__ = __stack_abt_end__
                0x0000000000000001                . = ASSERT (((__stack_abt_start__ == __stack_abt_end__) || ((__stack_abt_end__ - __RAM1_segment_start__) <= __RAM1_segment_size__)), error: .stack_abt is too large to fit in RAM1 memory segment)
                0x0000000000003488                __stack_und_load_start__ = ALIGN (__stack_abt_end__, 0x8)

.stack_und      0x0000000000003488        0x0
                0x0000000000003488                __stack_und_start__ = .
 *(.stack_und .stack_und.*)
                0x0000000000003488                . = ALIGN (MAX ((__stack_und_start__ + __STACKSIZE_UND__), .), 0x8)
                0x0000000000003488                __stack_und_end__ = (__stack_und_start__ + SIZEOF (.stack_und))
                0x0000000000000000                __stack_und_size__ = SIZEOF (.stack_und)
                0x0000000000003488                __stack_und_load_end__ = __stack_und_end__
                0x0000000000000001                . = ASSERT (((__stack_und_start__ == __stack_und_end__) || ((__stack_und_end__ - __RAM1_segment_start__) <= __RAM1_segment_size__)), error: .stack_und is too large to fit in RAM1 memory segment)
                0x0000000000003488                __tbss_load_start__ = ALIGN (__stack_und_end__, 0x4)

.tbss           0x0000000000003488        0x0
                0x0000000000003488                __tbss_start__ = .
 *(.tbss .tbss.*)
                0x0000000000003488                __tbss_end__ = (__tbss_start__ + SIZEOF (.tbss))
                0x0000000000000000                __tbss_size__ = SIZEOF (.tbss)
                0x0000000000003488                __tbss_load_end__ = __tbss_end__
                0x0000000000000001                . = ASSERT (((__tbss_start__ == __tbss_end__) || ((__tbss_end__ - __RAM1_segment_start__) <= __RAM1_segment_size__)), error: .tbss is too large to fit in RAM1 memory segment)
                0x0000000000003488                __tdata_load_start__ = ALIGN (__tbss_end__, 0x4)

.tdata          0x0000000000003488        0x0
                0x0000000000003488                __tdata_start__ = .
 *(.tdata .tdata.*)
                0x0000000000003488                __tdata_end__ = (__tdata_start__ + SIZEOF (.tdata))
                0x0000000000000000                __tdata_size__ = SIZEOF (.tdata)
                0x0000000000003488                __tdata_load_end__ = __tdata_end__
                0x0000000000000001                . = ASSERT (((__tdata_start__ == __tdata_end__) || ((__tdata_end__ - __RAM1_segment_start__) <= __RAM1_segment_size__)), error: .tdata is too large to fit in RAM1 memory segment)
                0x0000000000004000                __mmu_load_start__ = ALIGN (__tdata_end__, 0x4000)

.mmu            0x0000000000004000        0x0
                0x0000000000004000                __mmu_start__ = .
 *(.mmu .mmu.*)
                0x0000000000004000                __mmu_end__ = (__mmu_start__ + SIZEOF (.mmu))
                0x0000000000000000                __mmu_size__ = SIZEOF (.mmu)
                0x0000000000004000                __mmu_load_end__ = __mmu_end__
                0x0000000000004000                __RAM1_segment_used_end__ = (ALIGN (__tdata_end__, 0x4000) + SIZEOF (.mmu))
                0x0000000000004000                __RAM1_segment_used_size__ = (__RAM1_segment_used_end__ - __RAM1_segment_start__)
                0x0000000000000001                . = ASSERT (((__mmu_start__ == __mmu_end__) || ((__mmu_end__ - __RAM1_segment_start__) <= __RAM1_segment_size__)), error: .mmu is too large to fit in RAM1 memory segment)
START GROUP
LOAD Output/Project Crypto Debug/Obj/SEGGER_RTT.o
LOAD Output/Project Crypto Debug/Obj/SEGGER_RTT_Syscalls_SES.o
LOAD Output/Project Crypto Debug/Obj/main.o
LOAD Output/Project Crypto Debug/Obj/assemblyFunctions.o
LOAD Output/Project Crypto Debug/Obj/crt0.o
LOAD Output/Project Crypto Debug/Obj/ARM_Startup.o
LOAD C:/Program Files/SEGGER/SEGGER Embedded Studio for ARM 4.50/lib/libdebugio_dcc_v7a_a_le_eabi.a
LOAD C:/Program Files/SEGGER/SEGGER Embedded Studio for ARM 4.50/lib/libm_v7a_a_le_eabi.a
LOAD C:/Program Files/SEGGER/SEGGER Embedded Studio for ARM 4.50/lib/libc_v7a_a_le_eabi.a
LOAD C:/Program Files/SEGGER/SEGGER Embedded Studio for ARM 4.50/lib/libcpp_v7a_a_le_eabi.a
LOAD C:/Program Files/SEGGER/SEGGER Embedded Studio for ARM 4.50/lib/libdebugio_v7a_a_le_eabi.a
LOAD C:/Program Files/SEGGER/SEGGER Embedded Studio for ARM 4.50/lib/libvfprintf_v7a_a_le_eabi.o
LOAD C:/Program Files/SEGGER/SEGGER Embedded Studio for ARM 4.50/lib/libvfscanf_v7a_a_le_eabi.o
END GROUP
OUTPUT(Output/Debug/Exe/Project Crypto.elf elf32-littlearm)

.debug_frame    0x0000000000000000      0x5bc
 .debug_frame   0x0000000000000000      0x4bc Output/Project Crypto Debug/Obj/SEGGER_RTT.o
 .debug_frame   0x00000000000004bc       0xc8 Output/Project Crypto Debug/Obj/SEGGER_RTT_Syscalls_SES.o
 .debug_frame   0x0000000000000584       0x38 Output/Project Crypto Debug/Obj/main.o

.debug_types    0x0000000000000000      0x808
 .debug_types   0x0000000000000000       0xce Output/Project Crypto Debug/Obj/SEGGER_RTT.o
 .debug_types   0x00000000000000ce       0x9a Output/Project Crypto Debug/Obj/SEGGER_RTT.o
 .debug_types   0x0000000000000168       0x9a Output/Project Crypto Debug/Obj/SEGGER_RTT.o
 .debug_types   0x0000000000000202       0x8a Output/Project Crypto Debug/Obj/SEGGER_RTT.o
 .debug_types   0x000000000000028c       0x6b Output/Project Crypto Debug/Obj/SEGGER_RTT.o
 .debug_types   0x00000000000002f7       0x97 Output/Project Crypto Debug/Obj/SEGGER_RTT.o
 .debug_types   0x000000000000038e      0x16e Output/Project Crypto Debug/Obj/SEGGER_RTT.o
 .debug_types   0x00000000000004fc      0x1da Output/Project Crypto Debug/Obj/SEGGER_RTT.o
 .debug_types   0x00000000000006d6       0x54 Output/Project Crypto Debug/Obj/SEGGER_RTT.o
 .debug_types   0x000000000000072a       0xa7 Output/Project Crypto Debug/Obj/SEGGER_RTT_Syscalls_SES.o
 .debug_types   0x00000000000007d1       0x37 Output/Project Crypto Debug/Obj/SEGGER_RTT_Syscalls_SES.o

.debug_info     0x0000000000000000     0x16fe
 .debug_info    0x0000000000000000      0xfe0 Output/Project Crypto Debug/Obj/SEGGER_RTT.o
 .debug_info    0x0000000000000fe0      0x3e7 Output/Project Crypto Debug/Obj/SEGGER_RTT_Syscalls_SES.o
 .debug_info    0x00000000000013c7      0x2cd Output/Project Crypto Debug/Obj/main.o
 .debug_info    0x0000000000001694       0x26 Output/Project Crypto Debug/Obj/assemblyFunctions.o
 .debug_info    0x00000000000016ba       0x22 Output/Project Crypto Debug/Obj/crt0.o
 .debug_info    0x00000000000016dc       0x22 Output/Project Crypto Debug/Obj/ARM_Startup.o

.debug_abbrev   0x0000000000000000      0x670
 .debug_abbrev  0x0000000000000000      0x29b Output/Project Crypto Debug/Obj/SEGGER_RTT.o
 .debug_abbrev  0x000000000000029b      0x22e Output/Project Crypto Debug/Obj/SEGGER_RTT_Syscalls_SES.o
 .debug_abbrev  0x00000000000004c9      0x16f Output/Project Crypto Debug/Obj/main.o
 .debug_abbrev  0x0000000000000638       0x14 Output/Project Crypto Debug/Obj/assemblyFunctions.o
 .debug_abbrev  0x000000000000064c       0x12 Output/Project Crypto Debug/Obj/crt0.o
 .debug_abbrev  0x000000000000065e       0x12 Output/Project Crypto Debug/Obj/ARM_Startup.o

.debug_pubnames
                0x0000000000000000      0x439
 .debug_pubnames
                0x0000000000000000      0x3dc Output/Project Crypto Debug/Obj/SEGGER_RTT.o
 .debug_pubnames
                0x00000000000003dc       0x42 Output/Project Crypto Debug/Obj/SEGGER_RTT_Syscalls_SES.o
 .debug_pubnames
                0x000000000000041e       0x1b Output/Project Crypto Debug/Obj/main.o

.debug_pubtypes
                0x0000000000000000      0x3be
 .debug_pubtypes
                0x0000000000000000      0x143 Output/Project Crypto Debug/Obj/SEGGER_RTT.o
 .debug_pubtypes
                0x0000000000000143      0x175 Output/Project Crypto Debug/Obj/SEGGER_RTT_Syscalls_SES.o
 .debug_pubtypes
                0x00000000000002b8      0x106 Output/Project Crypto Debug/Obj/main.o

.debug_aranges  0x0000000000000000      0x230
 .debug_aranges
                0x0000000000000000      0x110 Output/Project Crypto Debug/Obj/SEGGER_RTT.o
 .debug_aranges
                0x0000000000000110       0x38 Output/Project Crypto Debug/Obj/SEGGER_RTT_Syscalls_SES.o
 .debug_aranges
                0x0000000000000148       0x20 Output/Project Crypto Debug/Obj/main.o
 .debug_aranges
                0x0000000000000168       0x20 Output/Project Crypto Debug/Obj/assemblyFunctions.o
 .debug_aranges
                0x0000000000000188       0x80 Output/Project Crypto Debug/Obj/crt0.o
 .debug_aranges
                0x0000000000000208       0x28 Output/Project Crypto Debug/Obj/ARM_Startup.o

.debug_ranges   0x0000000000000000      0x1d0
 .debug_ranges  0x0000000000000000      0x100 Output/Project Crypto Debug/Obj/SEGGER_RTT.o
 .debug_ranges  0x0000000000000100       0x28 Output/Project Crypto Debug/Obj/SEGGER_RTT_Syscalls_SES.o
 .debug_ranges  0x0000000000000128       0x10 Output/Project Crypto Debug/Obj/main.o
 .debug_ranges  0x0000000000000138       0x78 Output/Project Crypto Debug/Obj/crt0.o
 .debug_ranges  0x00000000000001b0       0x20 Output/Project Crypto Debug/Obj/ARM_Startup.o

.debug_macro    0x0000000000000000     0x1162
 .debug_macro   0x0000000000000000       0xac Output/Project Crypto Debug/Obj/SEGGER_RTT.o
 .debug_macro   0x00000000000000ac      0xab4 Output/Project Crypto Debug/Obj/SEGGER_RTT.o
 .debug_macro   0x0000000000000b60       0x48 Output/Project Crypto Debug/Obj/SEGGER_RTT.o
 .debug_macro   0x0000000000000ba8       0x89 Output/Project Crypto Debug/Obj/SEGGER_RTT.o
 .debug_macro   0x0000000000000c31       0x2e Output/Project Crypto Debug/Obj/SEGGER_RTT.o
 .debug_macro   0x0000000000000c5f       0x22 Output/Project Crypto Debug/Obj/SEGGER_RTT.o
 .debug_macro   0x0000000000000c81      0x115 Output/Project Crypto Debug/Obj/SEGGER_RTT.o
 .debug_macro   0x0000000000000d96       0x8a Output/Project Crypto Debug/Obj/SEGGER_RTT_Syscalls_SES.o
 .debug_macro   0x0000000000000e20       0x72 Output/Project Crypto Debug/Obj/SEGGER_RTT_Syscalls_SES.o
 .debug_macro   0x0000000000000e92       0x86 Output/Project Crypto Debug/Obj/SEGGER_RTT_Syscalls_SES.o
 .debug_macro   0x0000000000000f18       0xa6 Output/Project Crypto Debug/Obj/SEGGER_RTT_Syscalls_SES.o
 .debug_macro   0x0000000000000fbe       0xce Output/Project Crypto Debug/Obj/SEGGER_RTT_Syscalls_SES.o
 .debug_macro   0x000000000000108c       0x36 Output/Project Crypto Debug/Obj/main.o
 .debug_macro   0x00000000000010c2       0x78 Output/Project Crypto Debug/Obj/main.o
 .debug_macro   0x000000000000113a       0x28 Output/Project Crypto Debug/Obj/main.o

.debug_line     0x0000000000000000     0x10dd
 .debug_line    0x0000000000000000      0x94d Output/Project Crypto Debug/Obj/SEGGER_RTT.o
 .debug_line    0x000000000000094d      0x1f0 Output/Project Crypto Debug/Obj/SEGGER_RTT_Syscalls_SES.o
 .debug_line    0x0000000000000b3d      0x196 Output/Project Crypto Debug/Obj/main.o
 .debug_line    0x0000000000000cd3      0x139 Output/Project Crypto Debug/Obj/assemblyFunctions.o
 .debug_line    0x0000000000000e0c      0x20e Output/Project Crypto Debug/Obj/crt0.o
 .debug_line    0x000000000000101a       0xc3 Output/Project Crypto Debug/Obj/ARM_Startup.o

.debug_str      0x0000000000000000     0x519e
 .debug_str     0x0000000000000000     0x42ac Output/Project Crypto Debug/Obj/SEGGER_RTT.o
                                       0x43d2 (size before relaxing)
 .debug_str     0x00000000000042ac      0xd0a Output/Project Crypto Debug/Obj/SEGGER_RTT_Syscalls_SES.o
                                       0x4b1f (size before relaxing)
 .debug_str     0x0000000000004fb6       0x9e Output/Project Crypto Debug/Obj/main.o
                                       0x3612 (size before relaxing)
 .debug_str     0x0000000000005054       0x79 Output/Project Crypto Debug/Obj/assemblyFunctions.o
                                         0xd0 (size before relaxing)
 .debug_str     0x00000000000050cd       0x65 Output/Project Crypto Debug/Obj/crt0.o
                                         0xca (size before relaxing)
 .debug_str     0x0000000000005132       0x6c Output/Project Crypto Debug/Obj/ARM_Startup.o
                                         0xd1 (size before relaxing)

.comment        0x0000000000000000       0x47
 .comment       0x0000000000000000       0x47 Output/Project Crypto Debug/Obj/SEGGER_RTT.o
                                         0x48 (size before relaxing)
 .comment       0x0000000000000047       0x48 Output/Project Crypto Debug/Obj/SEGGER_RTT_Syscalls_SES.o
 .comment       0x0000000000000047       0x48 Output/Project Crypto Debug/Obj/main.o
 .comment       0x0000000000000047       0x48 C:/Program Files/SEGGER/SEGGER Embedded Studio for ARM 4.50/lib/libc_v7a_a_le_eabi.a(libc2.o)
 .comment       0x0000000000000047       0x48 C:/Program Files/SEGGER/SEGGER Embedded Studio for ARM 4.50/lib/libc_v7a_a_le_eabi.a(libc.o)
 .comment       0x0000000000000047       0x48 C:/Program Files/SEGGER/SEGGER Embedded Studio for ARM 4.50/lib/libvfprintf_v7a_a_le_eabi.o
 .comment       0x0000000000000047       0x48 C:/Program Files/SEGGER/SEGGER Embedded Studio for ARM 4.50/lib/libvfscanf_v7a_a_le_eabi.o

.ARM.attributes
                0x0000000000000000       0x39
 .ARM.attributes
                0x0000000000000000       0x3b Output/Project Crypto Debug/Obj/SEGGER_RTT.o
 .ARM.attributes
                0x000000000000003b       0x3b Output/Project Crypto Debug/Obj/SEGGER_RTT_Syscalls_SES.o
 .ARM.attributes
                0x0000000000000076       0x3b Output/Project Crypto Debug/Obj/main.o
 .ARM.attributes
                0x00000000000000b1       0x29 Output/Project Crypto Debug/Obj/assemblyFunctions.o
 .ARM.attributes
                0x00000000000000da       0x29 Output/Project Crypto Debug/Obj/crt0.o
 .ARM.attributes
                0x0000000000000103       0x29 Output/Project Crypto Debug/Obj/ARM_Startup.o
 .ARM.attributes
                0x000000000000012c       0x2f C:/Program Files/SEGGER/SEGGER Embedded Studio for ARM 4.50/lib/libc_v7a_a_le_eabi.a(libc2.o)
 .ARM.attributes
                0x000000000000015b       0x1d C:/Program Files/SEGGER/SEGGER Embedded Studio for ARM 4.50/lib/libc_v7a_a_le_eabi.a(libc2_asm.o)
 .ARM.attributes
                0x0000000000000178       0x2f C:/Program Files/SEGGER/SEGGER Embedded Studio for ARM 4.50/lib/libc_v7a_a_le_eabi.a(libc.o)
 .ARM.attributes
                0x00000000000001a7       0x2f C:/Program Files/SEGGER/SEGGER Embedded Studio for ARM 4.50/lib/libvfprintf_v7a_a_le_eabi.o
 .ARM.attributes
                0x00000000000001d6       0x2f C:/Program Files/SEGGER/SEGGER Embedded Studio for ARM 4.50/lib/libvfscanf_v7a_a_le_eabi.o
